
============================================================
REQUEST RECEIVED AT 2025-12-16 10:57:17.750293
Scenario ID: join-two-tables-key
Filename: tablo4_ykd25082025 (1).xlsx
Sheet: Sayfa1
Params Raw: {"key":"Program Kodu","how":"right","key_column":"Program Kodu","right_table":[]}...
Calling runner for join-two-tables-key...
Runner Exception: [Errno 22] Invalid argument
TRACEBACK:
Traceback (most recent call last):
  File "C:\Users\MEHMET\.gemini\antigravity\scratch\opradox\backend\app\scenarios\join_two_tables_key.py", line 20, in run
    raise HTTPException(status_code=400, detail="'right_table' parametresi DataFrame olmalýdýr.")
fastapi.exceptions.HTTPException: 400: 'right_table' parametresi DataFrame olmalýdýr.

During handling of the above exception, another exception occurred:

Traceback (most recent call last):
  File "C:\Users\MEHMET\.gemini\antigravity\scratch\opradox\backend\app\main.py", line 122, in run_scenario
    result = runner(df, params_dict)
  File "C:\Users\MEHMET\.gemini\antigravity\scratch\opradox\backend\app\scenarios\join_two_tables_key.py", line 88, in run
    traceback.print_exc()
    ~~~~~~~~~~~~~~~~~~~^^
  File "C:\Users\MEHMET\AppData\Local\Programs\Python\Python313\Lib\traceback.py", line 208, in print_exc
    print_exception(sys.exception(), limit=limit, file=file, chain=chain)
    ~~~~~~~~~~~~~~~^^^^^^^^^^^^^^^^^^^^^^^^^^^^^^^^^^^^^^^^^^^^^^^^^^^^^^
  File "C:\Users\MEHMET\AppData\Local\Programs\Python\Python313\Lib\traceback.py", line 130, in print_exception
    te.print(file=file, chain=chain, colorize=colorize)
    ~~~~~~~~^^^^^^^^^^^^^^^^^^^^^^^^^^^^^^^^^^^^^^^^^^^
  File "C:\Users\MEHMET\AppData\Local\Programs\Python\Python313\Lib\traceback.py", line 1470, in print
    print(line, file=file, end="")
    ~~~~~^^^^^^^^^^^^^^^^^^^^^^^^^
OSError: [Errno 22] Invalid argument


============================================================
REQUEST RECEIVED AT 2025-12-16 10:57:24.812506
Scenario ID: join-two-tables-key
Filename: tablo4_ykd25082025 (1).xlsx
Sheet: Sayfa1
Params Raw: {"key":"Program Kodu","how":"right","key_column":"Program Kodu","right_table":[]}...
Calling runner for join-two-tables-key...
Runner Exception: [Errno 22] Invalid argument
TRACEBACK:
Traceback (most recent call last):
  File "C:\Users\MEHMET\.gemini\antigravity\scratch\opradox\backend\app\scenarios\join_two_tables_key.py", line 20, in run
    raise HTTPException(status_code=400, detail="'right_table' parametresi DataFrame olmalýdýr.")
fastapi.exceptions.HTTPException: 400: 'right_table' parametresi DataFrame olmalýdýr.

During handling of the above exception, another exception occurred:

Traceback (most recent call last):
  File "C:\Users\MEHMET\.gemini\antigravity\scratch\opradox\backend\app\main.py", line 122, in run_scenario
    result = runner(df, params_dict)
  File "C:\Users\MEHMET\.gemini\antigravity\scratch\opradox\backend\app\scenarios\join_two_tables_key.py", line 88, in run
    traceback.print_exc()
    ~~~~~~~~~~~~~~~~~~~^^
  File "C:\Users\MEHMET\AppData\Local\Programs\Python\Python313\Lib\traceback.py", line 208, in print_exc
    print_exception(sys.exception(), limit=limit, file=file, chain=chain)
    ~~~~~~~~~~~~~~~^^^^^^^^^^^^^^^^^^^^^^^^^^^^^^^^^^^^^^^^^^^^^^^^^^^^^^
  File "C:\Users\MEHMET\AppData\Local\Programs\Python\Python313\Lib\traceback.py", line 130, in print_exception
    te.print(file=file, chain=chain, colorize=colorize)
    ~~~~~~~~^^^^^^^^^^^^^^^^^^^^^^^^^^^^^^^^^^^^^^^^^^^
  File "C:\Users\MEHMET\AppData\Local\Programs\Python\Python313\Lib\traceback.py", line 1470, in print
    print(line, file=file, end="")
    ~~~~~^^^^^^^^^^^^^^^^^^^^^^^^^
OSError: [Errno 22] Invalid argument


============================================================
REQUEST RECEIVED AT 2025-12-16 10:57:34.988042
Scenario ID: join-two-tables-key
Filename: tablo4_ykd25082025 (1).xlsx
Sheet: Sayfa1
Params Raw: {"key":"Program Kodu","how":"right","key_column":"Program Kodu","right_table":["Program Kodu","Program Kodu"]}...
Calling runner for join-two-tables-key...
Runner Exception: [Errno 22] Invalid argument
TRACEBACK:
Traceback (most recent call last):
  File "C:\Users\MEHMET\.gemini\antigravity\scratch\opradox\backend\app\scenarios\join_two_tables_key.py", line 20, in run
    raise HTTPException(status_code=400, detail="'right_table' parametresi DataFrame olmalýdýr.")
fastapi.exceptions.HTTPException: 400: 'right_table' parametresi DataFrame olmalýdýr.

During handling of the above exception, another exception occurred:

Traceback (most recent call last):
  File "C:\Users\MEHMET\.gemini\antigravity\scratch\opradox\backend\app\main.py", line 122, in run_scenario
    result = runner(df, params_dict)
  File "C:\Users\MEHMET\.gemini\antigravity\scratch\opradox\backend\app\scenarios\join_two_tables_key.py", line 88, in run
    traceback.print_exc()
    ~~~~~~~~~~~~~~~~~~~^^
  File "C:\Users\MEHMET\AppData\Local\Programs\Python\Python313\Lib\traceback.py", line 208, in print_exc
    print_exception(sys.exception(), limit=limit, file=file, chain=chain)
    ~~~~~~~~~~~~~~~^^^^^^^^^^^^^^^^^^^^^^^^^^^^^^^^^^^^^^^^^^^^^^^^^^^^^^
  File "C:\Users\MEHMET\AppData\Local\Programs\Python\Python313\Lib\traceback.py", line 130, in print_exception
    te.print(file=file, chain=chain, colorize=colorize)
    ~~~~~~~~^^^^^^^^^^^^^^^^^^^^^^^^^^^^^^^^^^^^^^^^^^^
  File "C:\Users\MEHMET\AppData\Local\Programs\Python\Python313\Lib\traceback.py", line 1470, in print
    print(line, file=file, end="")
    ~~~~~^^^^^^^^^^^^^^^^^^^^^^^^^
OSError: [Errno 22] Invalid argument


============================================================
REQUEST RECEIVED AT 2025-12-16 10:58:23.452172
Scenario ID: join-two-tables-key
Filename: tablo4_ykd25082025 (1).xlsx
Sheet: Sayfa1
Params Raw: {"key":"Program Kodu","how":"right","key_column":"Program Kodu","right_table":["Program Kodu","Program Kodu"]}...
Calling runner for join-two-tables-key...
Runner Exception: [Errno 22] Invalid argument
TRACEBACK:
Traceback (most recent call last):
  File "C:\Users\MEHMET\.gemini\antigravity\scratch\opradox\backend\app\scenarios\join_two_tables_key.py", line 20, in run
    raise HTTPException(status_code=400, detail="'right_table' parametresi DataFrame olmalýdýr.")
fastapi.exceptions.HTTPException: 400: 'right_table' parametresi DataFrame olmalýdýr.

During handling of the above exception, another exception occurred:

Traceback (most recent call last):
  File "C:\Users\MEHMET\.gemini\antigravity\scratch\opradox\backend\app\main.py", line 122, in run_scenario
    result = runner(df, params_dict)
  File "C:\Users\MEHMET\.gemini\antigravity\scratch\opradox\backend\app\scenarios\join_two_tables_key.py", line 88, in run
    traceback.print_exc()
    ~~~~~~~~~~~~~~~~~~~^^
  File "C:\Users\MEHMET\AppData\Local\Programs\Python\Python313\Lib\traceback.py", line 208, in print_exc
    print_exception(sys.exception(), limit=limit, file=file, chain=chain)
    ~~~~~~~~~~~~~~~^^^^^^^^^^^^^^^^^^^^^^^^^^^^^^^^^^^^^^^^^^^^^^^^^^^^^^
  File "C:\Users\MEHMET\AppData\Local\Programs\Python\Python313\Lib\traceback.py", line 130, in print_exception
    te.print(file=file, chain=chain, colorize=colorize)
    ~~~~~~~~^^^^^^^^^^^^^^^^^^^^^^^^^^^^^^^^^^^^^^^^^^^
  File "C:\Users\MEHMET\AppData\Local\Programs\Python\Python313\Lib\traceback.py", line 1470, in print
    print(line, file=file, end="")
    ~~~~~^^^^^^^^^^^^^^^^^^^^^^^^^
OSError: [Errno 22] Invalid argument


============================================================
REQUEST RECEIVED AT 2025-12-16 11:09:04.365415
Scenario ID: join-two-tables-key
Filename: tablo4_ykd25082025 (1).xlsx
Sheet: Sayfa1
Params Raw: {"key":"Program Kodu","how":"inner","key_column":"Program Kodu","right_table":[]}...
Second File Error: 'dict' object has no attribute 'empty'
Runner Exception: 400: Ýkinci dosya okunamadý: 'dict' object has no attribute 'empty'
TRACEBACK:
Traceback (most recent call last):
  File "C:\Users\MEHMET\.gemini\antigravity\scratch\opradox\backend\app\main.py", line 114, in run_scenario
    df2 = read_table_from_upload(file2, sheet_name=sheet_name2)
  File "C:\Users\MEHMET\.gemini\antigravity\scratch\opradox\backend\app\excel_utils.py", line 50, in read_table_from_upload
    if df.empty:
       ^^^^^^^^
AttributeError: 'dict' object has no attribute 'empty'

During handling of the above exception, another exception occurred:

Traceback (most recent call last):
  File "C:\Users\MEHMET\.gemini\antigravity\scratch\opradox\backend\app\main.py", line 118, in run_scenario
    raise HTTPException(status_code=400, detail=f"Ýkinci dosya okunamadý: {str(e)}")
fastapi.exceptions.HTTPException: 400: Ýkinci dosya okunamadý: 'dict' object has no attribute 'empty'


============================================================
REQUEST RECEIVED AT 2025-12-16 11:58:27.480518
Scenario ID: custom-report-builder-pro
Filename: tablo4_ykd25082025 (1).xlsx
Sheet: Sayfa1
Params Raw: {"config":"{\"actions\":[{\"type\":\"merge\",\"left_on\":\"Program Kodu\",\"right_on\":\"Program Kodu\",\"how\":\"left\",\"use_crosssheet\":true,\"crosssheet_name\":\"Sayfa2\"}]}","":"left"}...
Calling runner for custom-report-builder-pro...
Runner finished successfully.

============================================================
REQUEST RECEIVED AT 2025-12-16 12:03:54.067962
Scenario ID: custom-report-builder-pro
Filename: tablo4_ykd25082025 (1).xlsx
Sheet: Sayfa1
Params Raw: {"config":"{\"actions\":[{\"type\":\"merge\",\"left_on\":\"Ãœniversite TÃ¼rÃ¼\",\"right_on\":\"Ãœniversite AdÄ±\",\"how\":\"left\",\"use_crosssheet\":true,\"crosssheet_name\":\"Sayfa2\"}]}","":"left"}...
Calling runner for custom-report-builder-pro...
Runner finished successfully.

============================================================
REQUEST RECEIVED AT 2025-12-16 12:05:21.730445
Scenario ID: custom-report-builder-pro
Filename: tablo4_ykd25082025 (1).xlsx
Sheet: Sayfa1
Params Raw: {"config":"{\"actions\":[{\"type\":\"merge\",\"left_on\":\"Program Kodu\",\"right_on\":\"Program AdÄ±\",\"how\":\"outer\",\"use_crosssheet\":true,\"crosssheet_name\":\"Sayfa2\"}]}","":"outer"}...
Calling runner for custom-report-builder-pro...
Runner finished successfully.

============================================================
REQUEST RECEIVED AT 2025-12-16 12:06:05.297909
Scenario ID: custom-report-builder-pro
Filename: tablo4_ykd25082025 (1).xlsx
Sheet: Sayfa1
Params Raw: {"config":"{\"actions\":[{\"type\":\"merge\",\"left_on\":\"Ãœniversite TÃ¼rÃ¼\",\"right_on\":\"Ãœniversite AdÄ±\",\"how\":\"outer\",\"use_crosssheet\":true,\"crosssheet_name\":\"Sayfa2\"}]}","":"outer"}...
Calling runner for custom-report-builder-pro...
Runner finished successfully.

============================================================
REQUEST RECEIVED AT 2025-12-16 12:46:12.145755
Scenario ID: custom-report-builder-pro
Filename: tablo4_ykd25082025 (1).xlsx
Sheet: Sayfa1
Params Raw: {"config":"{\"actions\":[{\"type\":\"merge\",\"left_on\":\"Program Kodu\",\"right_on\":\"Salt_program_adÄ±\",\"how\":\"left\",\"use_crosssheet\":true,\"crosssheet_name\":\"Sayfa2\"}]}","":"left"}...
Calling runner for custom-report-builder-pro...
Runner finished successfully.

============================================================
REQUEST RECEIVED AT 2025-12-16 12:47:25.895060
Scenario ID: custom-report-builder-pro
Filename: tablo4_ykd25082025 (1).xlsx
Sheet: Sayfa1
Params Raw: {"config":"{\"actions\":[{\"type\":\"merge\",\"left_on\":\"Program Kodu\",\"right_on\":\"Tam_TÃ¼rler\",\"how\":\"left\",\"use_crosssheet\":true,\"crosssheet_name\":\"Sayfa2\"}]}","":"left"}...
Calling runner for custom-report-builder-pro...
Runner finished successfully.

============================================================
REQUEST RECEIVED AT 2025-12-16 13:00:10.198272
Scenario ID: custom-report-builder-pro
Filename: tablo4_ykd25082025 (1).xlsx
Sheet: Sayfa1
Params Raw: {"config":"{\"actions\":[{\"type\":\"merge\",\"left_on\":\"Program AdÄ±\",\"right_on\":\"Salt_program_adÄ±\",\"how\":\"inner\",\"use_crosssheet\":true,\"crosssheet_name\":\"Sayfa2\"}]}","":"inner"}...
Calling runner for custom-report-builder-pro...
Runner finished successfully.

============================================================
REQUEST RECEIVED AT 2025-12-16 15:32:49.984160
Scenario ID: custom-report-builder-pro
Filename: tablo4_ykd25082025 (1).xlsx
Sheet: Sayfa1
Params Raw: {"config":"{\"actions\":[{\"type\":\"merge\",\"left_on\":\"Program Kodu\",\"right_on\":\"Salt_program_adÄ±\",\"how\":\"left\",\"use_crosssheet\":true,\"crosssheet_name\":\"Sayfa2\"}]}","":"left"}...
Calling runner for custom-report-builder-pro...
Runner finished successfully.

============================================================
REQUEST RECEIVED AT 2025-12-16 15:33:13.691073
Scenario ID: custom-report-builder-pro
Filename: tablo4_ykd25082025 (1).xlsx
Sheet: Sayfa1
Params Raw: {"config":"{\"actions\":[{\"type\":\"merge\",\"left_on\":\"Program Kodu\",\"right_on\":\"Salt_program_adÄ±\",\"how\":\"outer\",\"use_crosssheet\":true,\"crosssheet_name\":\"Sayfa2\"}]}","":"outer"}...
Calling runner for custom-report-builder-pro...
Runner finished successfully.

============================================================
REQUEST RECEIVED AT 2025-12-16 15:50:29.894499
Scenario ID: custom-report-builder-pro
Filename: tablo4_ykd25082025 (1).xlsx
Sheet: Sayfa1
Params Raw: {"config":"{\"actions\":[{\"type\":\"merge\",\"left_on\":\"Program AdÄ±\",\"right_on\":\"Salt_program_adÄ±\",\"how\":\"inner\",\"use_crosssheet\":true,\"crosssheet_name\":\"Sayfa2\"}]}","":"inner"}...
Calling runner for custom-report-builder-pro...
Runner finished successfully.

============================================================
REQUEST RECEIVED AT 2025-12-16 16:56:21.047248
Scenario ID: custom-report-builder-pro
Filename: tablo4_ykd25082025 (1).xlsx
Sheet: Sayfa1
Params Raw: {"config":"{\"actions\":[{\"type\":\"merge\",\"left_on\":\"Ãœniversite AdÄ±\",\"right_on\":\"Salt_program_adÄ±\",\"how\":\"left\",\"use_crosssheet\":true,\"crosssheet_name\":\"Sayfa2\"}]}","":"left"}...
Calling runner for custom-report-builder-pro...
Runner finished successfully.

============================================================
REQUEST RECEIVED AT 2025-12-16 17:07:54.696036
Scenario ID: custom-report-builder-pro
Filename: tablo4_ykd25082025 (1).xlsx
Sheet: Sayfa1
Params Raw: {"config":"{\"actions\":[{\"type\":\"merge\",\"left_on\":\"Program AdÄ±\",\"right_on\":\"Salt_program_adÄ±\",\"how\":\"left\",\"use_crosssheet\":true,\"crosssheet_name\":\"Sayfa2\"}]}","":"left"}...
Calling runner for custom-report-builder-pro...
Runner finished successfully.

============================================================
REQUEST RECEIVED AT 2025-12-16 17:32:45.180525
Scenario ID: custom-report-builder-pro
Filename: tablo4_ykd25082025 (1).xlsx
Sheet: Sayfa1
Params Raw: {"config":"{\"actions\":[{\"type\":\"merge\",\"left_on\":\"Program AdÄ±\",\"right_on\":\"Salt_program_adÄ±\",\"how\":\"left\",\"use_crosssheet\":true,\"crosssheet_name\":\"Sayfa2\"}]}","":"left"}...
CROSSSHEET: 'Sayfa2' sayfasý okundu, 12265 satýr
Calling runner for custom-report-builder-pro...
Runner finished successfully.

============================================================
REQUEST RECEIVED AT 2025-12-16 17:33:07.420047
Scenario ID: custom-report-builder-pro
Filename: tablo4_ykd25082025 (1).xlsx
Sheet: Sayfa1
Params Raw: {"config":"{\"actions\":[{\"type\":\"merge\",\"left_on\":\"Program AdÄ±\",\"right_on\":\"Salt_program_adÄ±\",\"how\":\"outer\",\"use_crosssheet\":true,\"crosssheet_name\":\"Sayfa2\"}]}","":"outer"}...
CROSSSHEET: 'Sayfa2' sayfasý okundu, 12265 satýr
Calling runner for custom-report-builder-pro...
Runner finished successfully.

============================================================
REQUEST RECEIVED AT 2025-12-16 17:33:45.387520
Scenario ID: custom-report-builder-pro
Filename: tablo4_ykd25082025 (1).xlsx
Sheet: Sayfa1
Params Raw: {"config":"{\"actions\":[{\"type\":\"union\",\"ignore_index\":true,\"use_crosssheet\":true,\"crosssheet_name\":\"Sayfa2\"}]}","":"Sayfa2"}...
CROSSSHEET: 'Sayfa2' sayfasý okundu, 12265 satýr
Calling runner for custom-report-builder-pro...
Runner finished successfully.

============================================================
REQUEST RECEIVED AT 2025-12-16 17:34:22.092004
Scenario ID: custom-report-builder-pro
Filename: tablo4_ykd25082025 (1).xlsx
Sheet: Sayfa1
Params Raw: {"config":"{\"actions\":[{\"type\":\"diff\",\"left_on\":\"Program AdÄ±\",\"right_on\":\"Salt_program_adÄ±\",\"use_crosssheet\":true,\"crosssheet_name\":\"Sayfa2\"}]}","":"Salt_program_adÄ±"}...
CROSSSHEET: 'Sayfa2' sayfasý okundu, 12265 satýr
Calling runner for custom-report-builder-pro...
Runner finished successfully.

============================================================
REQUEST RECEIVED AT 2025-12-16 17:35:41.691336
Scenario ID: custom-report-builder-pro
Filename: tablo4_ykd25082025 (1).xlsx
Sheet: Sayfa2
Params Raw: {"config":"{\"actions\":[{\"type\":\"diff\",\"left_on\":\"Salt_program_adÄ±\",\"right_on\":\"Program AdÄ±\",\"use_crosssheet\":true,\"crosssheet_name\":\"Sayfa1\"}]}","":"Program AdÄ±"}...
CROSSSHEET: 'Sayfa1' sayfasý okundu, 12265 satýr
Calling runner for custom-report-builder-pro...
Runner finished successfully.

============================================================
REQUEST RECEIVED AT 2025-12-16 17:35:50.075258
Scenario ID: custom-report-builder-pro
Filename: tablo4_ykd25082025 (1).xlsx
Sheet: Sayfa2
Params Raw: {"config":"{\"actions\":[{\"type\":\"diff\",\"left_on\":\"Salt_program_adÄ±\",\"right_on\":\"Program AdÄ±\",\"use_crosssheet\":true,\"crosssheet_name\":\"Sayfa1\"}]}","":"Program AdÄ±"}...
CROSSSHEET: 'Sayfa1' sayfasý okundu, 12265 satýr
Calling runner for custom-report-builder-pro...
Runner finished successfully.

============================================================
REQUEST RECEIVED AT 2025-12-16 17:36:29.499198
Scenario ID: custom-report-builder-pro
Filename: tablo4_ykd25082025 (1).xlsx
Sheet: Sayfa2
Params Raw: {"config":"{\"actions\":[{\"type\":\"validate\",\"left_on\":\"Program Kodu\",\"right_on\":\"Program Kodu\",\"result_column\":\"DoÄŸrulama\",\"use_crosssheet\":true,\"crosssheet_name\":\"Sayfa1\"}]}",""...
CROSSSHEET: 'Sayfa1' sayfasý okundu, 12265 satýr
Calling runner for custom-report-builder-pro...
Runner finished successfully.

============================================================
REQUEST RECEIVED AT 2025-12-16 21:46:54.564497
Scenario ID: concatenate-columns
Filename: tablo4_ykd25082025 (1).xlsx
Sheet: Sayfa1
Params Raw: {"":"Sayfa2","columns":"Program Kodu, Ãœniversite TÃ¼rÃ¼","separator":"-"}...
Calling runner for concatenate-columns...
Runner finished successfully.

============================================================
REQUEST RECEIVED AT 2025-12-16 21:49:38.164681
Scenario ID: join-two-tables-key
Filename: tablo4_ykd25082025 (1).xlsx
Sheet: Sayfa1
Params Raw: {"":"Sayfa2","key":"Program Kodu","how":"inner"}...
Second File Error: 'dict' object has no attribute 'empty'
Runner Exception: 400: Ýkinci dosya okunamadý: 'dict' object has no attribute 'empty'
TRACEBACK:
Traceback (most recent call last):
  File "C:\Users\MEHMET\.gemini\antigravity\scratch\opradox\backend\app\main.py", line 114, in run_scenario
    df2 = read_table_from_upload(file2, sheet_name=sheet_name2)
  File "C:\Users\MEHMET\.gemini\antigravity\scratch\opradox\backend\app\excel_utils.py", line 50, in read_table_from_upload
    if df.empty:
       ^^^^^^^^
AttributeError: 'dict' object has no attribute 'empty'

During handling of the above exception, another exception occurred:

Traceback (most recent call last):
  File "C:\Users\MEHMET\.gemini\antigravity\scratch\opradox\backend\app\main.py", line 118, in run_scenario
    raise HTTPException(status_code=400, detail=f"Ýkinci dosya okunamadý: {str(e)}")
fastapi.exceptions.HTTPException: 400: Ýkinci dosya okunamadý: 'dict' object has no attribute 'empty'


============================================================
REQUEST RECEIVED AT 2025-12-16 21:50:37.874560
Scenario ID: join-two-tables-key
Filename: tablo4_ykd25082025 (1).xlsx
Sheet: Sayfa1
Params Raw: {"":"Sayfa2","key":"Program Kodu","how":"inner"}...
Second File Error: 'dict' object has no attribute 'empty'
Runner Exception: 400: Ýkinci dosya okunamadý: 'dict' object has no attribute 'empty'
TRACEBACK:
Traceback (most recent call last):
  File "C:\Users\MEHMET\.gemini\antigravity\scratch\opradox\backend\app\main.py", line 114, in run_scenario
    df2 = read_table_from_upload(file2, sheet_name=sheet_name2)
  File "C:\Users\MEHMET\.gemini\antigravity\scratch\opradox\backend\app\excel_utils.py", line 50, in read_table_from_upload
    if df.empty:
       ^^^^^^^^
AttributeError: 'dict' object has no attribute 'empty'

During handling of the above exception, another exception occurred:

Traceback (most recent call last):
  File "C:\Users\MEHMET\.gemini\antigravity\scratch\opradox\backend\app\main.py", line 118, in run_scenario
    raise HTTPException(status_code=400, detail=f"Ýkinci dosya okunamadý: {str(e)}")
fastapi.exceptions.HTTPException: 400: Ýkinci dosya okunamadý: 'dict' object has no attribute 'empty'


============================================================
REQUEST RECEIVED AT 2025-12-16 21:50:51.211409
Scenario ID: join-two-tables-key
Filename: tablo4_ykd25082025 (1).xlsx
Sheet: Sayfa1
Params Raw: {"":"Sayfa2","key":"Program Kodu","how":"outer"}...
Second File Error: 'dict' object has no attribute 'empty'
Runner Exception: 400: Ýkinci dosya okunamadý: 'dict' object has no attribute 'empty'
TRACEBACK:
Traceback (most recent call last):
  File "C:\Users\MEHMET\.gemini\antigravity\scratch\opradox\backend\app\main.py", line 114, in run_scenario
    df2 = read_table_from_upload(file2, sheet_name=sheet_name2)
  File "C:\Users\MEHMET\.gemini\antigravity\scratch\opradox\backend\app\excel_utils.py", line 50, in read_table_from_upload
    if df.empty:
       ^^^^^^^^
AttributeError: 'dict' object has no attribute 'empty'

During handling of the above exception, another exception occurred:

Traceback (most recent call last):
  File "C:\Users\MEHMET\.gemini\antigravity\scratch\opradox\backend\app\main.py", line 118, in run_scenario
    raise HTTPException(status_code=400, detail=f"Ýkinci dosya okunamadý: {str(e)}")
fastapi.exceptions.HTTPException: 400: Ýkinci dosya okunamadý: 'dict' object has no attribute 'empty'


============================================================
REQUEST RECEIVED AT 2025-12-16 21:51:40.828830
Scenario ID: join-two-tables-key
Filename: tablo4_ykd25082025 (1).xlsx
Sheet: Sayfa1
Params Raw: {"":"Sayfa2","key":"Program Kodu","how":"outer"}...
Calling runner for join-two-tables-key...
Runner finished successfully.

============================================================
REQUEST RECEIVED AT 2025-12-16 21:52:34.899379
Scenario ID: join-two-tables-key
Filename: tablo4_ykd25082025 (1).xlsx
Sheet: Sayfa1
Params Raw: {"":"Sayfa2","key":"Program Kodu","how":"outer"}...
Second File Error: 'dict' object has no attribute 'empty'
Runner Exception: 400: Ýkinci dosya okunamadý: 'dict' object has no attribute 'empty'
TRACEBACK:
Traceback (most recent call last):
  File "C:\Users\MEHMET\.gemini\antigravity\scratch\opradox\backend\app\main.py", line 114, in run_scenario
    df2 = read_table_from_upload(file2, sheet_name=sheet_name2)
  File "C:\Users\MEHMET\.gemini\antigravity\scratch\opradox\backend\app\excel_utils.py", line 50, in read_table_from_upload
    if df.empty:
       ^^^^^^^^
AttributeError: 'dict' object has no attribute 'empty'

During handling of the above exception, another exception occurred:

Traceback (most recent call last):
  File "C:\Users\MEHMET\.gemini\antigravity\scratch\opradox\backend\app\main.py", line 118, in run_scenario
    raise HTTPException(status_code=400, detail=f"Ýkinci dosya okunamadý: {str(e)}")
fastapi.exceptions.HTTPException: 400: Ýkinci dosya okunamadý: 'dict' object has no attribute 'empty'


============================================================
REQUEST RECEIVED AT 2025-12-16 22:45:48.622813
Scenario ID: custom-report-builder-pro
Filename: tablo4_ykd25082025 (1).xlsx
Sheet: Sayfa1
Params Raw: {"config":"{\"actions\":[]}"}...
Second File Error: 'dict' object has no attribute 'empty'
Runner Exception: 400: Ýkinci dosya okunamadý: 'dict' object has no attribute 'empty'
TRACEBACK:
Traceback (most recent call last):
  File "C:\Users\MEHMET\.gemini\antigravity\scratch\opradox\backend\app\main.py", line 114, in run_scenario
    df2 = read_table_from_upload(file2, sheet_name=sheet_name2)
  File "C:\Users\MEHMET\.gemini\antigravity\scratch\opradox\backend\app\excel_utils.py", line 50, in read_table_from_upload
    if df.empty:
       ^^^^^^^^
AttributeError: 'dict' object has no attribute 'empty'

During handling of the above exception, another exception occurred:

Traceback (most recent call last):
  File "C:\Users\MEHMET\.gemini\antigravity\scratch\opradox\backend\app\main.py", line 118, in run_scenario
    raise HTTPException(status_code=400, detail=f"Ýkinci dosya okunamadý: {str(e)}")
fastapi.exceptions.HTTPException: 400: Ýkinci dosya okunamadý: 'dict' object has no attribute 'empty'


============================================================
REQUEST RECEIVED AT 2025-12-17 09:57:18.658100
Scenario ID: join-two-tables-key
Filename: tablo4_ykd25082025 (1).xlsx
Sheet: Sayfa1
Params Raw: {"":"Sayfa2","key":"Program Kodu","how":"inner"}...
Calling runner for join-two-tables-key...
Runner finished successfully.

============================================================
REQUEST RECEIVED AT 2025-12-17 11:36:49.321154
Scenario ID: basic-summary-stats-column
Filename: tablo4_ykd25082025 (1).xlsx
Sheet: Sayfa1
Params Raw: {"":"Sayfa2","column":"Program Kodu"}...
Calling runner for basic-summary-stats-column...
Runner finished successfully.

============================================================
REQUEST RECEIVED AT 2025-12-17 11:37:57.604467
Scenario ID: basic-summary-stats-column
Filename: tablo4_ykd25082025 (1).xlsx
Sheet: Sayfa1
Params Raw: {"":"Sayfa2","column":"Program Kodu"}...
Calling runner for basic-summary-stats-column...
Runner finished successfully.

============================================================
REQUEST RECEIVED AT 2025-12-17 11:55:20.428517
Scenario ID: outlier-flagging
Filename: tablo4_ykd25082025 (1).xlsx
Sheet: Sayfa1
Params Raw: {"":"Sayfa2","group_column":"Ãœniversite AdÄ±","value_column":"Program Kodu","lower_quantile":"0.05","upper_quantile":"0.95","flag_column":"AykÄ±rÄ± DeÄŸer"}...
Calling runner for outlier-flagging...
Runner Exception: '<=' not supported between instances of 'int' and 'str'
TRACEBACK:
Traceback (most recent call last):
  File "C:\Users\MEHMET\.gemini\antigravity\scratch\opradox\backend\app\main.py", line 146, in run_scenario
    result = runner(df, params_dict)
  File "C:\Users\MEHMET\.gemini\antigravity\scratch\opradox\backend\app\scenarios\outlier_flagging.py", line 20, in run
    if not (0 <= lower_quantile < upper_quantile <= 1):
            ^^^^^^^^^^^^^^^^^^^^^^^^^^^^^^^^^^^^^^^^^
TypeError: '<=' not supported between instances of 'int' and 'str'


============================================================
REQUEST RECEIVED AT 2025-12-17 12:01:16.947790
Scenario ID: outlier-flagging
Filename: tablo4_ykd25082025 (1).xlsx
Sheet: Sayfa1
Params Raw: {"":"Sayfa2","group_column":"Ãœniversite AdÄ±","value_column":"Program Kodu","lower_quantile":"0,05","upper_quantile":"0,95","flag_column":"AykÄ±rÄ± DeÄŸer"}...
Calling runner for outlier-flagging...
Runner Exception: '<=' not supported between instances of 'int' and 'str'
TRACEBACK:
Traceback (most recent call last):
  File "C:\Users\MEHMET\.gemini\antigravity\scratch\opradox\backend\app\main.py", line 146, in run_scenario
    result = runner(df, params_dict)
  File "C:\Users\MEHMET\.gemini\antigravity\scratch\opradox\backend\app\scenarios\outlier_flagging.py", line 20, in run
    if not (0 <= lower_quantile < upper_quantile <= 1):
            ^^^^^^^^^^^^^^^^^^^^^^^^^^^^^^^^^^^^^^^^^
TypeError: '<=' not supported between instances of 'int' and 'str'


============================================================
REQUEST RECEIVED AT 2025-12-17 12:01:28.906279
Scenario ID: outlier-flagging
Filename: tablo4_ykd25082025 (1).xlsx
Sheet: Sayfa1
Params Raw: {"":"Sayfa2","group_column":"Ãœniversite AdÄ±","value_column":"Program Kodu","lower_quantile":"0.05","upper_quantile":"0.95","flag_column":"AykÄ±rÄ± DeÄŸer"}...
Calling runner for outlier-flagging...
Runner Exception: '<=' not supported between instances of 'int' and 'str'
TRACEBACK:
Traceback (most recent call last):
  File "C:\Users\MEHMET\.gemini\antigravity\scratch\opradox\backend\app\main.py", line 146, in run_scenario
    result = runner(df, params_dict)
  File "C:\Users\MEHMET\.gemini\antigravity\scratch\opradox\backend\app\scenarios\outlier_flagging.py", line 20, in run
    if not (0 <= lower_quantile < upper_quantile <= 1):
            ^^^^^^^^^^^^^^^^^^^^^^^^^^^^^^^^^^^^^^^^^
TypeError: '<=' not supported between instances of 'int' and 'str'


============================================================
REQUEST RECEIVED AT 2025-12-17 12:03:17.316015
Scenario ID: outlier-flagging
Filename: tablo4_ykd25082025 (1).xlsx
Sheet: Sayfa1
Params Raw: {"":"Sayfa2","group_column":"Ãœniversite AdÄ±","value_column":"Program Kodu","lower_quantile":"0.05","upper_quantile":"0.95","flag_column":"AykÄ±rÄ± DeÄŸer"}...
Calling runner for outlier-flagging...
Runner Exception: '<=' not supported between instances of 'int' and 'str'
TRACEBACK:
Traceback (most recent call last):
  File "C:\Users\MEHMET\.gemini\antigravity\scratch\opradox\backend\app\main.py", line 146, in run_scenario
    result = runner(df, params_dict)
  File "C:\Users\MEHMET\.gemini\antigravity\scratch\opradox\backend\app\scenarios\outlier_flagging.py", line 20, in run
    if not (0 <= lower_quantile < upper_quantile <= 1):
            ^^^^^^^^^^^^^^^^^^^^^^^^^^^^^^^^^^^^^^^^^
TypeError: '<=' not supported between instances of 'int' and 'str'


============================================================
REQUEST RECEIVED AT 2025-12-17 12:05:01.650462
Scenario ID: basic-summary-stats-column
Filename: tablo4_ykd25082025 (1).xlsx
Sheet: Sayfa1
Params Raw: {"":"Sayfa2","column":"Program Kodu"}...
Calling runner for basic-summary-stats-column...
Runner finished successfully.

============================================================
REQUEST RECEIVED AT 2025-12-17 12:37:09.967954
Scenario ID: outlier-flagging
Filename: tablo4_ykd25082025 (1).xlsx
Sheet: Sayfa1
Params Raw: {"":"Sayfa2","group_column":"Ãœniversite AdÄ±","value_column":"Program Kodu","lower_quantile":"0.05","upper_quantile":"0.90","flag_column":"AykÄ±rÄ± DeÄŸer"}...
Calling runner for outlier-flagging...
Runner Exception: '<=' not supported between instances of 'int' and 'str'
TRACEBACK:
Traceback (most recent call last):
  File "C:\Users\MEHMET\.gemini\antigravity\scratch\opradox\backend\app\main.py", line 146, in run_scenario
    result = runner(df, params_dict)
  File "C:\Users\MEHMET\.gemini\antigravity\scratch\opradox\backend\app\scenarios\outlier_flagging.py", line 20, in run
    if not (0 <= lower_quantile < upper_quantile <= 1):
            ^^^^^^^^^^^^^^^^^^^^^^^^^^^^^^^^^^^^^^^^^
TypeError: '<=' not supported between instances of 'int' and 'str'


============================================================
REQUEST RECEIVED AT 2025-12-17 15:20:19.053493
Scenario ID: outlier-flagging
Filename: tablo4_ykd25082025 (1).xlsx
Sheet: Sayfa1
Params Raw: {"":"Sayfa2","group_column":"Ãœniversite AdÄ±","value_column":"Program Kodu","lower_quantile":"0.05","upper_quantile":"0,95","flag_column":"AykÄ±rÄ± DeÄŸer"}...
Calling runner for outlier-flagging...
Runner Exception: '<=' not supported between instances of 'int' and 'str'
TRACEBACK:
Traceback (most recent call last):
  File "C:\Users\MEHMET\.gemini\antigravity\scratch\opradox\backend\app\main.py", line 146, in run_scenario
    result = runner(df, params_dict)
  File "C:\Users\MEHMET\.gemini\antigravity\scratch\opradox\backend\app\scenarios\outlier_flagging.py", line 20, in run
    if not (0 <= lower_quantile < upper_quantile <= 1):
            ^^^^^^^^^^^^^^^^^^^^^^^^^^^^^^^^^^^^^^^^^
TypeError: '<=' not supported between instances of 'int' and 'str'


============================================================
REQUEST RECEIVED AT 2025-12-17 15:20:42.820454
Scenario ID: outlier-flagging
Filename: tablo4_ykd25082025 (1).xlsx
Sheet: Sayfa1
Params Raw: {"":"Sayfa2","group_column":"Ãœniversite AdÄ±","value_column":"Program Kodu","lower_quantile":"0.05","upper_quantile":"0,95","flag_column":"AykÄ±rÄ± DeÄŸer"}...
Calling runner for outlier-flagging...
Runner Exception: '<=' not supported between instances of 'int' and 'str'
TRACEBACK:
Traceback (most recent call last):
  File "C:\Users\MEHMET\.gemini\antigravity\scratch\opradox\backend\app\main.py", line 146, in run_scenario
    result = runner(df, params_dict)
  File "C:\Users\MEHMET\.gemini\antigravity\scratch\opradox\backend\app\scenarios\outlier_flagging.py", line 20, in run
    if not (0 <= lower_quantile < upper_quantile <= 1):
            ^^^^^^^^^^^^^^^^^^^^^^^^^^^^^^^^^^^^^^^^^
TypeError: '<=' not supported between instances of 'int' and 'str'


============================================================
REQUEST RECEIVED AT 2025-12-17 15:31:13.164364
Scenario ID: outlier-flagging
Filename: tablo4_ykd25082025 (1).xlsx
Sheet: Sayfa1
Params Raw: {"":"Sayfa2","group_column":"Ãœniversite AdÄ±","value_column":"Program Kodu","lower_quantile":"0.05","upper_quantile":"0,95","flag_column":"AykÄ±rÄ± DeÄŸer"}...
Calling runner for outlier-flagging...
Runner Exception: '<=' not supported between instances of 'int' and 'str'
TRACEBACK:
Traceback (most recent call last):
  File "C:\Users\MEHMET\.gemini\antigravity\scratch\opradox\backend\app\main.py", line 146, in run_scenario
    result = runner(df, params_dict)
  File "C:\Users\MEHMET\.gemini\antigravity\scratch\opradox\backend\app\scenarios\outlier_flagging.py", line 20, in run
    if not (0 <= lower_quantile < upper_quantile <= 1):
            ^^^^^^^^^^^^^^^^^^^^^^^^^^^^^^^^^^^^^^^^^
TypeError: '<=' not supported between instances of 'int' and 'str'


============================================================
REQUEST RECEIVED AT 2025-12-17 16:06:12.072922
Scenario ID: outlier-flagging
Filename: tablo4_ykd25082025 (1).xlsx
Sheet: Sayfa1
Params Raw: {"":"Sayfa2","group_column":"Ãœniversite AdÄ±","value_column":"Program Kodu","lower_quantile":"0.05","upper_quantile":"0.95","flag_column":"AykÄ±rÄ± DeÄŸer"}...
Calling runner for outlier-flagging...
Runner Exception: '<=' not supported between instances of 'int' and 'str'
TRACEBACK:
Traceback (most recent call last):
  File "C:\Users\MEHMET\.gemini\antigravity\scratch\opradox\backend\app\main.py", line 146, in run_scenario
    result = runner(df, params_dict)
  File "C:\Users\MEHMET\.gemini\antigravity\scratch\opradox\backend\app\scenarios\outlier_flagging.py", line 20, in run
    if not (0 <= lower_quantile < upper_quantile <= 1):
            ^^^^^^^^^^^^^^^^^^^^^^^^^^^^^^^^^^^^^^^^^
TypeError: '<=' not supported between instances of 'int' and 'str'


============================================================
REQUEST RECEIVED AT 2025-12-17 16:25:12.575066
Scenario ID: outlier-flagging
Filename: tablo4_ykd25082025 (1).xlsx
Sheet: Sayfa1
Params Raw: {"":"Sayfa2","group_column":"Ãœniversite AdÄ±","value_column":"Program Kodu","lower_quantile":"0.05","upper_quantile":"0.95","flag_column":"AykÄ±rÄ± DeÄŸer"}...
Calling runner for outlier-flagging...
Runner Exception: '<=' not supported between instances of 'int' and 'str'
TRACEBACK:
Traceback (most recent call last):
  File "C:\Users\MEHMET\.gemini\antigravity\scratch\opradox\backend\app\main.py", line 146, in run_scenario
    result = runner(df, params_dict)
  File "C:\Users\MEHMET\.gemini\antigravity\scratch\opradox\backend\app\scenarios\outlier_flagging.py", line 20, in run
    if not (0 <= lower_quantile < upper_quantile <= 1):
            ^^^^^^^^^^^^^^^^^^^^^^^^^^^^^^^^^^^^^^^^^
TypeError: '<=' not supported between instances of 'int' and 'str'


============================================================
REQUEST RECEIVED AT 2025-12-17 16:30:08.470983
Scenario ID: outlier-flagging
Filename: tablo4_ykd25082025 (1).xlsx
Sheet: Sayfa1
Params Raw: {"":"Sayfa2","group_column":"Ãœniversite AdÄ±","value_column":"Program Kodu","lower_quantile":"0.05","upper_quantile":"0,95","flag_column":"AykÄ±rÄ± DeÄŸer"}...
Calling runner for outlier-flagging...
Runner Exception: '<=' not supported between instances of 'int' and 'str'
TRACEBACK:
Traceback (most recent call last):
  File "C:\Users\MEHMET\.gemini\antigravity\scratch\opradox\backend\app\main.py", line 146, in run_scenario
    result = runner(df, params_dict)
  File "C:\Users\MEHMET\.gemini\antigravity\scratch\opradox\backend\app\scenarios\outlier_flagging.py", line 20, in run
    if not (0 <= lower_quantile < upper_quantile <= 1):
            ^^^^^^^^^^^^^^^^^^^^^^^^^^^^^^^^^^^^^^^^^
TypeError: '<=' not supported between instances of 'int' and 'str'


============================================================
REQUEST RECEIVED AT 2025-12-17 17:20:46.746532
Scenario ID: outlier-flagging
Filename: tablo4_ykd25082025 (1).xlsx
Sheet: Sayfa1
Params Raw: {"":"Sayfa2","group_column":"Ãœniversite AdÄ±","value_column":"Program Kodu","lower_quantile":"0,05","upper_quantile":"0,95","flag_column":"AykÄ±rÄ± DeÄŸer"}...
Calling runner for outlier-flagging...
Runner Exception: '<=' not supported between instances of 'int' and 'str'
TRACEBACK:
Traceback (most recent call last):
  File "C:\Users\MEHMET\.gemini\antigravity\scratch\opradox\backend\app\main.py", line 146, in run_scenario
    result = runner(df, params_dict)
  File "C:\Users\MEHMET\.gemini\antigravity\scratch\opradox\backend\app\scenarios\outlier_flagging.py", line 20, in run
    if not (0 <= lower_quantile < upper_quantile <= 1):
            ^^^^^^^^^^^^^^^^^^^^^^^^^^^^^^^^^^^^^^^^^
TypeError: '<=' not supported between instances of 'int' and 'str'


============================================================
REQUEST RECEIVED AT 2025-12-17 17:20:51.289151
Scenario ID: outlier-flagging
Filename: tablo4_ykd25082025 (1).xlsx
Sheet: Sayfa1
Params Raw: {"":"Sayfa2","group_column":"Ãœniversite AdÄ±","value_column":"Program Kodu","lower_quantile":"0,05","upper_quantile":"0,95","flag_column":"AykÄ±rÄ± DeÄŸer"}...
Calling runner for outlier-flagging...
Runner Exception: '<=' not supported between instances of 'int' and 'str'
TRACEBACK:
Traceback (most recent call last):
  File "C:\Users\MEHMET\.gemini\antigravity\scratch\opradox\backend\app\main.py", line 146, in run_scenario
    result = runner(df, params_dict)
  File "C:\Users\MEHMET\.gemini\antigravity\scratch\opradox\backend\app\scenarios\outlier_flagging.py", line 20, in run
    if not (0 <= lower_quantile < upper_quantile <= 1):
            ^^^^^^^^^^^^^^^^^^^^^^^^^^^^^^^^^^^^^^^^^
TypeError: '<=' not supported between instances of 'int' and 'str'


============================================================
REQUEST RECEIVED AT 2025-12-18 14:04:14.245573
Scenario ID: custom-report-builder-pro
Filename: HALK EÄžÄ°TÄ°M YER SAAT BÄ°LDÄ°RÄ°MÄ° teorik dersler (3).xlsx
Sheet: Sayfa1
Params Raw: {"":"Sayfa2","config":"{\"actions\":[{\"type\":\"union\",\"ignore_index\":true,\"use_crosssheet\":false,\"crosssheet_name\":null}]}"}...
Calling runner for custom-report-builder-pro...
Runner finished successfully.

============================================================
REQUEST RECEIVED AT 2025-12-18 14:08:29.446920
Scenario ID: custom-report-builder-pro
Filename: HALK EÄžÄ°TÄ°M YER SAAT BÄ°LDÄ°RÄ°MÄ° teorik dersler (3).xlsx
Sheet: Sayfa1
Params Raw: {"":"Sayfa2","config":"{\"actions\":[{\"type\":\"union\",\"ignore_index\":true,\"use_crosssheet\":false,\"crosssheet_name\":null}]}"}...
Calling runner for custom-report-builder-pro...
Runner finished successfully.

============================================================
REQUEST RECEIVED AT 2025-12-18 14:12:35.526030
Scenario ID: custom-report-builder-pro
Filename: HALK EÄžÄ°TÄ°M YER SAAT BÄ°LDÄ°RÄ°MÄ° teorik dersler (3).xlsx
Sheet: Sayfa1
Params Raw: {"":"percent","config":"{\"actions\":[{\"type\":\"computed\",\"name\":\"bjlbj\",\"ctype\":\"arithmetic\",\"columns\":[\"kontenjan\",\"yerleÅŸen\"],\"operation\":\"percent\"}]}"}...
Calling runner for custom-report-builder-pro...
Runner finished successfully.

============================================================
REQUEST RECEIVED AT 2025-12-18 14:13:29.562109
Scenario ID: custom-report-builder-pro
Filename: tablo4_ykd25082025 (1).xlsx
Sheet: Sayfa1
Params Raw: {"":"percent","config":"{\"actions\":[{\"type\":\"computed\",\"name\":\"fcgkjxktgfkxd\",\"ctype\":\"arithmetic\",\"columns\":[\"Kontenjan\",\"YerleÅŸen\"],\"operation\":\"percent\"}]}"}...
Calling runner for custom-report-builder-pro...
Runner finished successfully.

============================================================
REQUEST RECEIVED AT 2025-12-18 14:14:34.040264
Scenario ID: custom-report-builder-pro
Filename: tablo4_ykd25082025 (1).xlsx
Sheet: Sayfa1
Params Raw: {"":"desc","config":"{\"actions\":[{\"type\":\"sort\",\"column\":\"Ãœniversite TÃ¼rÃ¼\",\"direction\":\"desc\"}]}"}...
Calling runner for custom-report-builder-pro...
Runner finished successfully.

============================================================
REQUEST RECEIVED AT 2025-12-18 14:15:17.560604
Scenario ID: custom-report-builder-pro
Filename: tablo4_ykd25082025 (1).xlsx
Sheet: Sayfa1
Params Raw: {"":"","config":"{\"actions\":[{\"type\":\"window\",\"wf_type\":\"rank\",\"alias\":\"seda\",\"partition_by\":\"Program AdÄ±\",\"order_by\":\"En KÃ¼Ã§Ã¼k Puan\",\"direction\":\"desc\"}]}"}...
Calling runner for custom-report-builder-pro...
Runner finished successfully.

============================================================
REQUEST RECEIVED AT 2025-12-18 14:16:32.576698
Scenario ID: custom-report-builder-pro
Filename: tablo4_ykd25082025 (1).xlsx
Sheet: Sayfa1
Params Raw: {"":"","config":"{\"actions\":[{\"type\":\"window\",\"wf_type\":\"rank\",\"alias\":\"seda\",\"partition_by\":\"Program AdÄ±\",\"order_by\":\"En KÃ¼Ã§Ã¼k Puan\",\"direction\":\"desc\"},{\"type\":\"output\"...
Calling runner for custom-report-builder-pro...
Runner finished successfully.

============================================================
REQUEST RECEIVED AT 2025-12-18 14:24:35.649563
Scenario ID: basic-summary-stats-column
Filename: tablo4_ykd25082025 (1).xlsx
Sheet: Sayfa1
Params Raw: {"":"Sayfa2","column":"Program Kodu"}...
Calling runner for basic-summary-stats-column...
Runner finished successfully.

============================================================
REQUEST RECEIVED AT 2025-12-18 18:59:51.436219
Scenario ID: custom-report-builder-pro
Filename: tablo4_ykd25082025 (1).xlsx
Sheet: Sayfa1
Params Raw: {"":"","config":"{\"actions\":[{\"type\":\"output\",\"output_type\":\"sheet_per_group\",\"group_by_sheet\":\"Ãœniversite TÃ¼rÃ¼\",\"summary_sheet\":true,\"slicers\":null,\"column_descriptions\":null}]}"}...
Calling runner for custom-report-builder-pro...
Runner finished successfully.

============================================================
REQUEST RECEIVED AT 2025-12-19 17:59:54.224784
Scenario ID: custom-report-builder-pro
Filename: tablo4_ykd25082025 (1).xlsx
Sheet: Sayfa2
Header Row: 0
Params Raw: {"":"katip","config":"{\"actions\":[{\"type\":\"filter\",\"column\":\"Ãœniversite AdÄ±\",\"operator\":\"contains\",\"value\":\"katip\"}]}"}...
Excel Read Error: read_table_from_upload() got an unexpected keyword argument 'header_row'

============================================================
REQUEST RECEIVED AT 2025-12-19 18:00:00.797623
Scenario ID: custom-report-builder-pro
Filename: tablo4_ykd25082025 (1).xlsx
Sheet: Sayfa2
Header Row: 0
Params Raw: {"":"katip","config":"{\"actions\":[{\"type\":\"filter\",\"column\":\"Ãœniversite AdÄ±\",\"operator\":\"contains\",\"value\":\"katip\"}]}"}...
Excel Read Error: read_table_from_upload() got an unexpected keyword argument 'header_row'

============================================================
REQUEST RECEIVED AT 2025-12-19 18:00:10.677336
Scenario ID: custom-report-builder-pro
Filename: tablo4_ykd25082025 (1).xlsx
Sheet: Sayfa2
Header Row: 0
Params Raw: {"":"katip","config":"{\"actions\":[{\"type\":\"filter\",\"column\":\"Ãœniversite AdÄ±\",\"operator\":\"contains\",\"value\":\"katip\"}]}"}...
Excel Read Error: read_table_from_upload() got an unexpected keyword argument 'header_row'

============================================================
REQUEST RECEIVED AT 2025-12-19 18:02:35.950040
Scenario ID: custom-report-builder-pro
Filename: tablo4_ykd25082025 (1).xlsx
Sheet: Sayfa1
Header Row: 0
Params Raw: {"":"katip","config":"{\"actions\":[{\"type\":\"filter\",\"column\":\"Ãœniversite AdÄ±\",\"operator\":\"contains\",\"value\":\"katip\"}]}"}...
Calling runner for custom-report-builder-pro...
Runner finished successfully.

============================================================
REQUEST RECEIVED AT 2025-12-19 18:19:02.857436
Scenario ID: custom-report-builder-pro
Filename: tablo4_ykd25082025 (1).xlsx
Sheet: Sayfa1
Header Row: 0
Params Raw: {"":"katip","config":"{\"actions\":[{\"type\":\"filter\",\"column\":\"Ãœniversite AdÄ±\",\"operator\":\"contains\",\"value\":\"katip\"}]}"}...
Calling runner for custom-report-builder-pro...
Runner finished successfully.

============================================================
REQUEST RECEIVED AT 2025-12-19 18:19:48.148611
Scenario ID: custom-report-builder-pro
Filename: tablo4_ykd25082025 (1).xlsx
Sheet: Sayfa1
Header Row: 0
Params Raw: {"":"katip","config":"{\"actions\":[{\"type\":\"filter\",\"column\":\"Ãœniversite AdÄ±\",\"operator\":\"contains\",\"value\":\"katip\"}]}"}...
Calling runner for custom-report-builder-pro...
Runner finished successfully.

============================================================
REQUEST RECEIVED AT 2025-12-19 18:20:10.597366
Scenario ID: custom-report-builder-pro
Filename: tablo4_ykd25082025 (1).xlsx
Sheet: Sayfa1
Header Row: 0
Params Raw: {"":"katip","config":"{\"actions\":[{\"type\":\"filter\",\"column\":\"Ãœniversite AdÄ±\",\"operator\":\"contains\",\"value\":\"katip\"}]}"}...
Calling runner for custom-report-builder-pro...
Runner finished successfully.

============================================================
REQUEST RECEIVED AT 2025-12-19 18:22:11.612136
Scenario ID: custom-report-builder-pro
Filename: tablo4_ykd25082025 (1).xlsx
Sheet: Sayfa1
Header Row: 0
Params Raw: {"":"katip","config":"{\"actions\":[{\"type\":\"filter\",\"column\":\"Ãœniversite AdÄ±\",\"operator\":\"contains\",\"value\":\"katip\"}]}"}...
Calling runner for custom-report-builder-pro...
Runner finished successfully.

============================================================
REQUEST RECEIVED AT 2025-12-19 18:24:01.812044
Scenario ID: custom-report-builder-pro
Filename: tablo4_ykd25082025 (1).xlsx
Sheet: Sayfa1
Header Row: 0
Params Raw: {"":"katip","config":"{\"actions\":[{\"type\":\"filter\",\"column\":\"Ãœniversite AdÄ±\",\"operator\":\"contains\",\"value\":\"katip\"}]}"}...
Calling runner for custom-report-builder-pro...
Runner finished successfully.

============================================================
REQUEST RECEIVED AT 2025-12-19 19:21:17.041522
Scenario ID: custom-report-builder-pro
Filename: tablo4_ykd25082025 (1).xlsx
Sheet: Sayfa1
Header Row: 0
Params Raw: {"":"katip","config":"{\"actions\":[{\"type\":\"filter\",\"column\":\"Ãœniversite AdÄ±\",\"operator\":\"contains\",\"value\":\"katip\"}]}"}...
Calling runner for custom-report-builder-pro...
Runner finished successfully.

============================================================
REQUEST RECEIVED AT 2025-12-23 17:41:16.594456
Scenario ID: average-condition
Filename: test.xlsx
Sheet: None
Header Row: 0
Params Raw: {"condition_column": "Department", "condition_value": "IT", "target_column": "Salary", "return_mode": "summary"}...
Excel Read Error: 'dict' object has no attribute 'empty'

============================================================
REQUEST RECEIVED AT 2025-12-24 22:47:40.867463
Scenario ID: summarize-by-month-and-category
Filename: tablo4_ykd25082025 (1).xlsx
Sheet: Sayfa1
Header Row: 0
Params Raw: {"":"Sayfa2","category_column":"Ãœniversite TÃ¼rÃ¼","value_column":"En KÃ¼Ã§Ã¼k Puan","aggfunc":"sum"}...
Calling runner for summarize-by-month-and-category...
Runner Exception: 400: 'date_column' parametresi eksik veya boþ
TRACEBACK:
Traceback (most recent call last):
  File "C:\Users\MEHMET\.gemini\antigravity\scratch\opradox\backend\app\main.py", line 178, in run_scenario
    result = runner(df, params_dict)
  File "C:\Users\MEHMET\.gemini\antigravity\scratch\opradox\backend\app\scenarios\summarize_by_month_and_category.py", line 11, in run
    raise HTTPException(status_code=400, detail=f"'{p}' parametresi eksik veya boþ")
fastapi.exceptions.HTTPException: 400: 'date_column' parametresi eksik veya boþ


============================================================
REQUEST RECEIVED AT 2025-12-24 22:49:03.179363
Scenario ID: report-multi-metric-summary
Filename: tablo4_ykd25082025 (1).xlsx
Sheet: Sayfa1
Header Row: 0
Params Raw: {"":"Sayfa2","group_column":"Ãœniversite TÃ¼rÃ¼","value_column":"En KÃ¼Ã§Ã¼k Puan","value_columns":"Ãœniversite AdÄ±, Kontenjan"}...
Calling runner for report-multi-metric-summary...
Runner finished successfully.

============================================================
REQUEST RECEIVED AT 2025-12-24 22:51:13.557556
Scenario ID: pivot-builder-pro
Filename: tablo4_ykd25082025 (1).xlsx
Sheet: Sayfa1
Header Row: 0
Params Raw: {"":"Sayfa2","rows":"Ãœniversite AdÄ±, Program AdÄ±","columns":"FakÃ¼lte/YÃ¼ksekokul AdÄ±","values":"Kontenjan","aggfunc":"sum","show_totals":"Kontenjan","show_percentage":"Kontenjan, YerleÅŸen"}...
Calling runner for pivot-builder-pro...

============================================================
REQUEST RECEIVED AT 2025-12-27 12:47:44.834804
Scenario ID: custom-report-builder-pro
Filename: tablo4_ykd25082025 (2).xlsx
Sheet: Sayfa1
Header Row: 2
Params Raw: {"config":"{\"actions\":[{\"type\":\"filter\",\"column\":\"Ãœniversite AdÄ±\",\"operator\":\"contains\",\"value\":\"katip\"}]}","":"katip"}...
Calling runner for custom-report-builder-pro...
Runner finished successfully.

============================================================
REQUEST RECEIVED AT 2025-12-27 12:48:04.132615
Scenario ID: custom-report-builder-pro
Filename: tablo4_ykd25082025 (2).xlsx
Sheet: Sayfa1
Header Row: 2
Params Raw: {"config":"{\"actions\":[{\"type\":\"output\",\"output_type\":\"sheet_per_group\",\"group_by_sheet\":\"Ãœniversite AdÄ±\",\"summary_sheet\":true,\"slicers\":null,\"column_descriptions\":null}]}","":""}...
Calling runner for custom-report-builder-pro...
Runner finished successfully.

============================================================
REQUEST RECEIVED AT 2025-12-27 12:50:38.104920
Scenario ID: custom-report-builder-pro
Filename: tablo4_ykd25082025 (2).xlsx
Sheet: Sayfa1
Header Row: 2
Params Raw: {"config":"{\"actions\":[{\"type\":\"computed\",\"name\":\"Doluluk OLranÄ±\",\"ctype\":\"arithmetic\",\"columns\":[\"Kontenjan\",\"YerleÅŸen\"],\"operation\":\"percent\"},{\"type\":\"filter\",\"column\"...
Calling runner for custom-report-builder-pro...
Runner finished successfully.

============================================================
REQUEST RECEIVED AT 2025-12-30 11:08:52.955488
Scenario ID: custom-report-builder-pro
Filename: tablo4.xls
Sheet: None
Header Row: 0
Params Raw: {"config":"{\"actions\":[{\"type\":\"computed\",\"name\":\"doluluk\",\"ctype\":\"arithmetic\",\"columns\":[\"Kontenjan\",\"YerleÅŸen\"],\"operation\":\"percent\"},{\"type\":\"filter\",\"column\":\"Ãœniv...
Excel Read Error: 'dict' object has no attribute 'empty'

============================================================
REQUEST RECEIVED AT 2025-12-31 13:32:13.590817
Scenario ID: basic-summary-stats-column
Filename: tablo4_ykd25082025 (2).xlsx
Sheet: Sayfa1
Header Row: 2
Params Raw: {"column":"YerleÅŸen"}...
Calling runner for basic-summary-stats-column...
Runner finished successfully.

============================================================
REQUEST RECEIVED AT 2025-12-31 14:34:37.220013
Scenario ID: custom-report-builder-pro
Filename: tablo4.xls
Sheet: None
Header Row: 0
Params Raw: {"config":[{"type":"filter","column":"Ãœniversite AdÄ±","operator":"contains","value":"katip"}]}...
Excel Read Error: 'dict' object has no attribute 'empty'

============================================================
REQUEST RECEIVED AT 2025-12-31 14:34:44.366502
Scenario ID: custom-report-builder-pro
Filename: tablo4.xls
Sheet: None
Header Row: 0
Params Raw: {"config":[{"type":"filter","column":"Ãœniversite AdÄ±","operator":"contains","value":"katip"}]}...
Excel Read Error: 'dict' object has no attribute 'empty'

============================================================
REQUEST RECEIVED AT 2025-12-31 14:42:45.827250
Scenario ID: custom-report-builder-pro
Filename: tablo4.xls
Sheet: None
Header Row: 0
Params Raw: {"config":[{"type":"filter","column":"Ãœniversite AdÄ±","operator":"contains","value":"katip"}]}...
Excel Read Error: 'dict' object has no attribute 'empty'

============================================================
REQUEST RECEIVED AT 2026-01-01 11:14:03.625655
Scenario ID: custom-report-builder-pro
Filename: tablo4_ykd25082025 (1).xlsx
Sheet: None
Header Row: 0
Params Raw: {"config":[{"type":"filter","column":"Ãœniversite AdÄ±","operator":"contains","value":"katip"}]}...
Excel Read Error: 'dict' object has no attribute 'empty'

============================================================
REQUEST RECEIVED AT 2026-01-01 11:14:11.559373
Scenario ID: custom-report-builder-pro
Filename: tablo4_ykd25082025 (1).xlsx
Sheet: None
Header Row: 0
Params Raw: {"config":[{"type":"filter","column":"Ãœniversite AdÄ±","operator":"contains","value":"katip"}]}...
Excel Read Error: 'dict' object has no attribute 'empty'

============================================================
REQUEST RECEIVED AT 2026-01-01 11:14:18.046748
Scenario ID: custom-report-builder-pro
Filename: tablo4_ykd25082025 (1).xlsx
Sheet: None
Header Row: 0
Params Raw: {"config":[{"type":"filter","column":"Ãœniversite AdÄ±","operator":"contains","value":"katip"}]}...
Excel Read Error: 'dict' object has no attribute 'empty'

============================================================
REQUEST RECEIVED AT 2026-01-01 11:41:05.515501
Scenario ID: custom-report-builder-pro
Filename: tablo4_ykd25082025 (1).xlsx
Sheet: None
Header Row: 0
Params Raw: {"config":[{"type":"data_source","source_type":"main","sheet_name":""},{"type":"filter","column":"Ãœniversite AdÄ±","operator":"contains","value":"katip"}]}...
Excel Read Error: 'dict' object has no attribute 'empty'

============================================================
REQUEST RECEIVED AT 2026-01-01 11:46:36.284239
Scenario ID: custom-report-builder-pro
Filename: tablo4_ykd25082025 (1).xlsx
Sheet: None
Header Row: 0
Params Raw: {"config":[{"type":"data_source","source_type":"main","sheet_name":""},{"type":"filter","column":"Ãœniversite AdÄ±","operator":"contains","value":"katip"}]}...
Excel Read Error: 'dict' object has no attribute 'empty'

============================================================
REQUEST RECEIVED AT 2026-01-01 12:14:47.736769
Scenario ID: custom-report-builder-pro
Filename: HALK EÄžÄ°TÄ°M YER SAAT BÄ°LDÄ°RÄ°MÄ° (2).xlsx
Sheet: None
Header Row: 0
Params Raw: {"config":[{"type":"filter","column":"TÃœGVA MENEMEN VAKIF OKULU\n2025-2026 EÄžÄ°TÄ°M-Ã–ÄžRETÄ°M YILI\nHÃœNERHANE KURSLARI HAFTALIK DERS PROGRAMI BÄ°LGÄ°LERÄ° TABLOSU","operator":"is_not_null","value":""}]}...
Calling runner for custom-report-builder-pro...
Runner finished successfully.

============================================================
REQUEST RECEIVED AT 2026-01-01 12:45:28.356019
Scenario ID: custom-report-builder-pro
Filename: HALK EÄžÄ°TÄ°M YER SAAT BÄ°LDÄ°RÄ°MÄ° (2).xlsx
Sheet: None
Header Row: 0
Params Raw: {"config":[{"type":"filter","column":"TÃœGVA MENEMEN VAKIF OKULU\n2025-2026 EÄžÄ°TÄ°M-Ã–ÄžRETÄ°M YILI\nHÃœNERHANE KURSLARI HAFTALIK DERS PROGRAMI BÄ°LGÄ°LERÄ° TABLOSU","operator":"is_not_null","value":""}]}...
Calling runner for custom-report-builder-pro...
Runner finished successfully.

============================================================
REQUEST RECEIVED AT 2026-01-01 14:25:25.747443
Scenario ID: custom-report-builder-pro
Filename: HALK EÄžÄ°TÄ°M YER SAAT BÄ°LDÄ°RÄ°MÄ° (2).xlsx
Sheet: None
Header Row: 0
Params Raw: {"config":[{"type":"filter","column":"TÃœGVA MENEMEN VAKIF OKULU\n2025-2026 EÄžÄ°TÄ°M-Ã–ÄžRETÄ°M YILI\nHÃœNERHANE KURSLARI HAFTALIK DERS PROGRAMI BÄ°LGÄ°LERÄ° TABLOSU","operator":"is_not_null","value":""}]}...
Calling runner for custom-report-builder-pro...
Runner finished successfully.

============================================================
REQUEST RECEIVED AT 2026-01-01 14:25:59.987184
Scenario ID: custom-report-builder-pro
Filename: HALK EÄžÄ°TÄ°M YER SAAT BÄ°LDÄ°RÄ°MÄ° (2).xlsx
Sheet: None
Header Row: 0
Params Raw: {"config":[{"type":"chart","chart_type":"column","x_column":"","y_columns":"TÃœGVA MENEMEN VAKIF OKULU\n2025-2026 EÄžÄ°TÄ°M-Ã–ÄžRETÄ°M YILI\nHÃœNERHANE KURSLARI HAFTALIK DERS PROGRAMI BÄ°LGÄ°LERÄ° TABLOSU","titl...
Calling runner for custom-report-builder-pro...
Runner finished successfully.

============================================================
REQUEST RECEIVED AT 2026-01-01 14:26:20.372740
Scenario ID: basic-summary-stats-column
Filename: HALK EÄžÄ°TÄ°M YER SAAT BÄ°LDÄ°RÄ°MÄ° (2).xlsx
Sheet: Sayfa1
Header Row: 0
Params Raw: {"":"Sayfa2","column":"TÃœGVA MENEMEN VAKIF OKULU2025-2026 EÄžÄ°TÄ°M-Ã–ÄžRETÄ°M YILIHÃœNERHANE KURSLARI HAFTALIK DERS PROGRAMI BÄ°LGÄ°LERÄ° TABLOSU"}...
Calling runner for basic-summary-stats-column...
Runner ValueError: Sütun bulunamadý: TÜGVA MENEMEN VAKIF OKULU2025-2026 EÐÝTÝM-ÖÐRETÝM YILIHÜNERHANE KURSLARI HAFTALIK DERS PROGRAMI BÝLGÝLERÝ TABLOSU

============================================================
REQUEST RECEIVED AT 2026-01-01 14:26:57.904140
Scenario ID: basic-summary-stats-column
Filename: tablo4_ykd25082025 (1).xlsx
Sheet: Sayfa1
Header Row: 0
Params Raw: {"":"Sayfa2","column":"Program Kodu"}...
Calling runner for basic-summary-stats-column...
Runner finished successfully.

============================================================
REQUEST RECEIVED AT 2026-01-01 14:29:40.319502
Scenario ID: custom-report-builder-pro
Filename: tablo4_ykd25082025 (1).xlsx
Sheet: None
Header Row: 0
Params Raw: {"config":[{"type":"computed","ctype":"arithmetic","name":"doluluk","columns":"Kontenjan","operation":"add","window_size":3}]}...
Calling runner for custom-report-builder-pro...
Runner finished successfully.

============================================================
REQUEST RECEIVED AT 2026-01-01 14:53:19.937898
Scenario ID: custom-report-builder-pro
Filename: tablo4_ykd25082025 (1).xlsx
Sheet: None
Header Row: 0
Params Raw: {"config":[{"type":"filter","column":"Ãœniversite AdÄ±","operator":"contains","value":"katip"}]}...
Calling runner for custom-report-builder-pro...
Runner finished successfully.

============================================================
REQUEST RECEIVED AT 2026-01-01 14:55:20.800660
Scenario ID: report-filter-then-group
Filename: tablo4_ykd25082025 (1).xlsx
Sheet: Sayfa1
Header Row: 0
Params Raw: {"":"Sayfa2","group_column":"Ãœniversite TÃ¼rÃ¼","value_column":"Ãœniversite AdÄ±","aggfunc":"sum"}...
Calling runner for report-filter-then-group...
Runner Exception: 400: date_column parametresi eksik
TRACEBACK:
Traceback (most recent call last):
  File "C:\Users\MEHMET\.gemini\antigravity\scratch\opradox\backend\app\main.py", line 178, in run_scenario
    result = runner(df, params_dict)
  File "C:\Users\MEHMET\.gemini\antigravity\scratch\opradox\backend\app\scenarios\report_filter_then_group.py", line 21, in run
    raise HTTPException(status_code=400, detail="date_column parametresi eksik")
fastapi.exceptions.HTTPException: 400: date_column parametresi eksik


============================================================
REQUEST RECEIVED AT 2026-01-01 15:11:31.740809
Scenario ID: custom-report-builder-pro
Filename: tablo4_ykd25082025 (1).xlsx
Sheet: None
Header Row: 0
Params Raw: {"config":[{"type":"filter","column":"Ãœniversite AdÄ±","operator":"contains","value":"katip"}]}...
Calling runner for custom-report-builder-pro...
Runner finished successfully.

============================================================
REQUEST RECEIVED AT 2026-01-01 15:53:36.066120
Scenario ID: custom-report-builder-pro
Filename: tablo4_ykd25082025 (1).xlsx
Sheet: Sayfa1
Header Row: 0
Params Raw: {"config":"[{\"type\":\"filter\",\"column\":\"Ãœniversite AdÄ±\",\"operator\":\"contains\",\"value\":\"katip\"}]"}...
Calling runner for custom-report-builder-pro...
Runner finished successfully.

============================================================
REQUEST RECEIVED AT 2026-01-01 15:59:54.129143
Scenario ID: custom-report-builder-pro
Filename: tablo4_ykd25082025 (1).xlsx
Sheet: Sayfa1
Header Row: 0
Params Raw: {"config":"[{\"type\":\"computed\",\"ctype\":\"formula\",\"name\":\"doluluk\",\"formula\":\"\"}]"}...
Calling runner for custom-report-builder-pro...
Runner finished successfully.

============================================================
REQUEST RECEIVED AT 2026-01-01 16:00:24.280387
Scenario ID: custom-report-builder-pro
Filename: tablo4_ykd25082025 (1).xlsx
Sheet: Sayfa1
Header Row: 0
Params Raw: {"config":"[{\"type\":\"computed\",\"ctype\":\"formula\",\"name\":\"doluluk\",\"formula\":\"\"}]"}...
Calling runner for custom-report-builder-pro...
Runner finished successfully.

============================================================
REQUEST RECEIVED AT 2026-01-02 22:01:47.934145
Scenario ID: custom-report-builder-pro
Filename: tablo 4 modifiye.xlsx
Sheet: Sayfa1
Header Row: 0
Params Raw: {"config":"[{\"type\":\"computed\",\"ctype\":\"arithmetic\",\"name\":\"doluluk\",\"columns\":[\"Kontenjan\",\"YerleÅŸen\"],\"operation\":\"percent\",\"window_size\":3},{\"type\":\"output\",\"output_typ...
Calling runner for custom-report-builder-pro...
Runner finished successfully.

============================================================
REQUEST RECEIVED AT 2026-01-02 22:02:34.530469
Scenario ID: custom-report-builder-pro
Filename: tablo 4 modifiye.xlsx
Sheet: Sayfa1
Header Row: 0
Params Raw: {"config":"[{\"type\":\"filter\",\"column\":\"Program AdÄ±\",\"operator\":\"is_not_null\",\"value\":\"\"},{\"type\":\"computed\",\"ctype\":\"arithmetic\",\"name\":\"doluluk\",\"columns\":[\"Kontenjan\"...
Calling runner for custom-report-builder-pro...
Runner finished successfully.

============================================================
REQUEST RECEIVED AT 2026-01-02 22:03:13.984772
Scenario ID: custom-report-builder-pro
Filename: tablo 4 modifiye.xlsx
Sheet: Sayfa1
Header Row: 0
Params Raw: {"config":"[{\"type\":\"filter\",\"column\":\"Program AdÄ±\",\"operator\":\"contains\",\"value\":\"tÄ±p\"},{\"type\":\"computed\",\"ctype\":\"arithmetic\",\"name\":\"doluluk\",\"columns\":[\"Kontenjan\"...
Calling runner for custom-report-builder-pro...
Runner finished successfully.

============================================================
REQUEST RECEIVED AT 2026-01-02 22:03:15.610805
Scenario ID: custom-report-builder-pro
Filename: tablo 4 modifiye.xlsx
Sheet: Sayfa1
Header Row: 0
Params Raw: {"is_preview":true,"config":"[{\"type\":\"filter\",\"column\":\"Program AdÄ±\",\"operator\":\"contains\",\"value\":\"tÄ±p\"},{\"type\":\"computed\",\"ctype\":\"arithmetic\",\"name\":\"doluluk\",\"column...
Calling runner for custom-report-builder-pro...
Runner finished successfully.

============================================================
REQUEST RECEIVED AT 2026-01-02 22:03:30.465484
Scenario ID: custom-report-builder-pro
Filename: tablo 4 modifiye.xlsx
Sheet: Sayfa1
Header Row: 0
Params Raw: {"config":"[{\"type\":\"filter\",\"column\":\"Program AdÄ±\",\"operator\":\"contains\",\"value\":\"tÄ±p\"},{\"type\":\"computed\",\"ctype\":\"arithmetic\",\"name\":\"doluluk\",\"columns\":[\"Kontenjan\"...
Calling runner for custom-report-builder-pro...
Runner finished successfully.

============================================================
REQUEST RECEIVED AT 2026-01-02 22:04:26.697354
Scenario ID: custom-report-builder-pro
Filename: tablo 4 modifiye.xlsx
Sheet: Sayfa1
Header Row: 0
Params Raw: {"config":"[{\"type\":\"sort\",\"column\":\"Ãœniversite AdÄ±\",\"direction\":\"asc\"},{\"type\":\"output\",\"output_type\":\"sheet_per_group\",\"summary_sheet\":false,\"drill_down_index\":true,\"freeze_...
Calling runner for custom-report-builder-pro...
Runner finished successfully.

============================================================
REQUEST RECEIVED AT 2026-01-02 22:04:51.241524
Scenario ID: custom-report-builder-pro
Filename: tablo 4 modifiye.xlsx
Sheet: Sayfa1
Header Row: 0
Params Raw: {"config":"[{\"type\":\"sort\",\"column\":\"Ãœniversite AdÄ±\",\"direction\":\"asc\"},{\"type\":\"output\",\"output_type\":\"multi_sheet\",\"summary_sheet\":true,\"freeze_header\":true,\"auto_fit_column...
Calling runner for custom-report-builder-pro...
Runner finished successfully.

============================================================
REQUEST RECEIVED AT 2026-01-02 22:05:29.120796
Scenario ID: custom-report-builder-pro
Filename: tablo 4 modifiye.xlsx
Sheet: Sayfa1
Header Row: 0
Params Raw: {"config":"[{\"type\":\"sort\",\"column\":\"Ãœniversite AdÄ±\",\"direction\":\"asc\"},{\"type\":\"output\",\"output_type\":\"sheet_per_group\",\"summary_sheet\":true,\"drill_down_index\":true,\"freeze_h...
Calling runner for custom-report-builder-pro...
Runner finished successfully.

============================================================
REQUEST RECEIVED AT 2026-01-03 10:28:28.724126
Scenario ID: basic-summary-stats-column
Filename: tablo 4 modifiye.xlsx
Sheet: Sayfa1
Header Row: 0
Params Raw: {"column":"Program Kodu"}...
Calling runner for basic-summary-stats-column...
Runner finished successfully.

============================================================
REQUEST RECEIVED AT 2026-01-03 10:29:15.491592
Scenario ID: count-value
Filename: tablo 4 modifiye.xlsx
Sheet: Sayfa1
Header Row: 0
Params Raw: {"":"Sayfa 2","column":"Ãœniversite AdÄ±","value":"Katip","return_mode":"summary_and_rows"}...
Calling runner for count-value...
Runner finished successfully.

============================================================
REQUEST RECEIVED AT 2026-01-03 10:30:44.235153
Scenario ID: count-value
Filename: tablo 4 modifiye.xlsx
Sheet: Sayfa1
Header Row: 0
Params Raw: {"":"Sayfa 2","column":"Ãœniversite AdÄ±","value":"Ã§elebi","return_mode":"summary"}...
Calling runner for count-value...
Runner finished successfully.

============================================================
REQUEST RECEIVED AT 2026-01-03 10:36:26.779720
Scenario ID: count-value
Filename: tablo 4 modifiye.xlsx
Sheet: Sayfa1
Header Row: 0
Params Raw: {"":"Sayfa 2","column":"Ãœniversite AdÄ±","value":"Kontenjan","return_mode":"summary"}...
Calling runner for count-value...
Runner finished successfully.

============================================================
REQUEST RECEIVED AT 2026-01-03 10:44:38.476856
Scenario ID: count-value
Filename: tablo 4 modifiye.xlsx
Sheet: Sayfa1
Header Row: 0
Params Raw: {"column":"Ãœniversite AdÄ±","value":"katip","return_mode":"summary"}...
Calling runner for count-value...
Runner finished successfully.

============================================================
REQUEST RECEIVED AT 2026-01-03 10:47:48.996641
Scenario ID: count-value
Filename: tablo 4 modifiye.xlsx
Sheet: Sayfa1
Header Row: 0
Params Raw: {"":"Sayfa 2","column":"Ãœniversite AdÄ±","value":"katip","return_mode":"summary"}...
Calling runner for count-value...
Runner finished successfully.

============================================================
REQUEST RECEIVED AT 2026-01-03 10:48:25.300727
Scenario ID: count-value
Filename: tablo 4 modifiye.xlsx
Sheet: Sayfa1
Header Row: 0
Params Raw: {"is_preview":true,"column":"Ãœniversite AdÄ±","value":"katip","return_mode":"summary"}...
Calling runner for count-value...
Runner finished successfully.

============================================================
REQUEST RECEIVED AT 2026-01-03 10:50:48.509954
Scenario ID: count-value
Filename: tablo 4 modifiye.xlsx
Sheet: Sayfa1
Header Row: 0
Params Raw: {"":"Sayfa 2","column":"Ãœniversite AdÄ±","value":"Katip","return_mode":"summary"}...
Calling runner for count-value...
Runner finished successfully.

============================================================
REQUEST RECEIVED AT 2026-01-03 10:54:00.534105
Scenario ID: count-value
Filename: tablo 4 modifiye.xlsx
Sheet: Sayfa1
Header Row: 0
Params Raw: {"":"Sayfa 2","column":"Ãœniversite AdÄ±","value":"Katip","return_mode":"summary_and_rows"}...
Calling runner for count-value...
Runner finished successfully.

============================================================
REQUEST RECEIVED AT 2026-01-03 10:54:41.749935
Scenario ID: count-value
Filename: tablo 4 modifiye.xlsx
Sheet: Sayfa1
Header Row: 0
Params Raw: {"":"Sayfa 2","column":"Ãœniversite AdÄ±","value":"Ä°zmir Katip Ã‡elebi Ãœniversitesi","return_mode":"summary_and_rows"}...
Calling runner for count-value...
Runner finished successfully.

============================================================
REQUEST RECEIVED AT 2026-01-03 10:55:07.565788
Scenario ID: count-value
Filename: tablo 4 modifiye.xlsx
Sheet: Sayfa1
Header Row: 0
Params Raw: {"":"Sayfa 2","column":"Program AdÄ±","value":"TÄ±p","return_mode":"summary_and_rows"}...
Calling runner for count-value...
Runner finished successfully.

============================================================
REQUEST RECEIVED AT 2026-01-03 10:55:54.909565
Scenario ID: count-value
Filename: tablo 4 modifiye.xlsx
Sheet: Sayfa1
Header Row: 0
Params Raw: {"":"Sayfa 2","column":"Ãœniversite AdÄ±","value":"Ä°ZMÄ°R KATÄ°P Ã‡ELEBÄ° ÃœNÄ°VERSÄ°TESÄ°","return_mode":"summary_and_rows"}...
Calling runner for count-value...
Runner finished successfully.

============================================================
REQUEST RECEIVED AT 2026-01-03 11:31:48.557756
Scenario ID: count-value
Filename: tablo4_ykd25082025 (1).xlsx
Sheet: Sayfa1
Header Row: 0
Params Raw: {"":"Sayfa2","column":"Ãœniversite AdÄ±","value":"izmir katip Ã§elebi Ã¼niversitesi","return_mode":"summary_and_rows"}...
Calling runner for count-value...
Runner finished successfully.

============================================================
REQUEST RECEIVED AT 2026-01-03 11:32:13.779628
Scenario ID: count-value
Filename: tablo4_ykd25082025 (1).xlsx
Sheet: Sayfa1
Header Row: 0
Params Raw: {"":"Sayfa2","column":"Ãœniversite AdÄ±","value":"Ä°ZMÄ°R KATÄ°P Ã‡ELEBÄ° ÃœNÄ°VERSÄ°TESÄ°","return_mode":"summary_and_rows"}...
Calling runner for count-value...
Runner finished successfully.

============================================================
REQUEST RECEIVED AT 2026-01-03 11:32:24.899829
Scenario ID: count-value
Filename: tablo4_ykd25082025 (1).xlsx
Sheet: Sayfa1
Header Row: 0
Params Raw: {"":"Sayfa2","column":"Ãœniversite AdÄ±","value":"Ä°ZMÄ°R KATÄ°P Ã‡ELEBÄ° ÃœNÄ°VERSÄ°TESÄ°","return_mode":"summary"}...
Calling runner for count-value...
Runner finished successfully.
